
[1m[46m RUN [49m[22m [36mv4.0.18 [39m[90mC:/Users/yehia/Desktop/Projects/team-bookstore[39m

[90mstdout[2m | components/book-companion/BookCompanion.test.tsx[2m > [22m[2mBookCompanion[2m > [22m[2mrenders book details correctly
[22m[39m<div class="font-body min-h-screen bg-stone-50 text-stone-900 selection:bg-orange-100 dark:bg-stone-950 dark:text-stone-100 dark:selection:bg-orange-900"><nav class="pointer-events-none fixed top-0 right-0 left-0 z-50 flex items-center justify-between p-6"><button class="group pointer-events-auto flex items-center gap-2 rounded-full border border-stone-200/50 bg-white/80 px-4 py-2 text-stone-600 shadow-sm backdrop-blur-md transition-all hover:pl-3 hover:text-stone-900 dark:border-stone-800/50 dark:bg-stone-900/80 dark:text-stone-300 dark:hover:text-stone-100"><svg xmlns="http://www.w3.org/2000/svg" width="24" height="24" viewBox="0 0 24 24" fill="none" stroke="currentColor" stroke-width="2" stroke-linecap="round" stroke-linejoin="round" class="lucide lucide-arrow-left h-4 w-4 transition-transform group-hover:-translate-x-1" aria-hidden="true"><path d="m12 19-7-7 7-7"></path><path d="M19 12H5"></path></svg><span class="font-heading text-sm font-medium">Back to Library</span></button><button class="pointer-events-auto rounded-full border border-stone-200/50 bg-white/80 p-3 text-stone-400 shadow-sm backdrop-blur-md transition-colors hover:text-red-500 dark:border-stone-800/50 dark:bg-stone-900/80"><svg xmlns="http://www.w3.org/2000/svg" width="24" height="24" viewBox="0 0 24 24" fill="none" stroke="currentColor" stroke-width="2" stroke-linecap="round" stroke-linejoin="round" class="lucide lucide-heart h-5 w-5" aria-hidden="true"><path d="M2 9.5a5.5 5.5 0 0 1 9.591-3.676.56.56 0 0 0 .818 0A5.49 5.49 0 0 1 22 9.5c0 2.29-1.5 4-3 5.5l-5.492 5.313a2 2 0 0 1-3 .019L5 15c-1.5-1.5-3-3.2-3-5.5"></path></svg></button></nav><div class="grid min-h-screen grid-cols-1 lg:grid-cols-2"><div class="relative h-[50vh] overflow-hidden bg-stone-200 lg:sticky lg:top-0 lg:h-screen dark:bg-stone-900"><img alt="Binding Texture" class="absolute inset-0 h-full w-full object-cover opacity-90 transition-transform duration-[20s] ease-linear hover:scale-110" src="http://example.com/texture.jpg"><div class="absolute inset-0 bg-linear-to-t from-stone-900/60 to-transparent lg:hidden"></div><div class="absolute right-6 bottom-8 left-6 text-white lg:hidden"><h1 class="font-heading mb-2 text-4xl leading-tight font-bold">Test Book</h1><p class="font-mono text-sm opacity-80">Test Author</p></div></div><div class="relative mx-auto max-w-2xl px-6 py-12 lg:p-20 lg:pt-32"><div class="animate-in slide-in-from-bottom-8 mb-12 hidden duration-700 lg:block"><p class="mb-4 font-mono text-sm tracking-wider text-orange-600 uppercase dark:text-orange-500">Test Publisher ΓÇó 2024</p><h1 class="font-heading mb-4 text-6xl leading-tight font-bold text-stone-900 dark:text-stone-50">Test Book</h1><p class="font-body text-xl text-stone-500 dark:text-stone-400">by <span class="text-stone-800 dark:text-stone-200">Test Author</span></p><p class="font-heading mt-2 text-stone-400 italic dark:text-stone-500">A Subtitle</p></div><div class="animate-in slide-in-from-bottom-10 relative mb-16 rounded-sm border border-stone-200 bg-stone-100 p-8 shadow-[2px_2px_0px_0px_rgba(0,0,0,0.05)] delay-100 duration-1000 dark:border-stone-800 dark:bg-stone-900 dark:shadow-none"><svg xmlns="http://www.w3.org/2000/svg" width="24" height="24" viewBox="0 0 24 24" fill="none" stroke="currentColor" stroke-width="2" stroke-linecap="round" stroke-linejoin="round" class="lucide lucide-feather absolute -top-3 -left-3 h-8 w-8 rotate-12 rounded-full border border-stone-200 bg-stone-50 p-1 text-stone-300 dark:border-stone-800 dark:bg-stone-950 dark:text-stone-700" aria-hidden="true"><path d="M12.67 19a2 2 0 0 0 1.416-.588l6.154-6.172a6 6 0 0 0-8.49-8.49L5.586 9.914A2 2 0 0 0 5 11.328V18a1 1 0 0 0 1 1z"></path><path d="M16 8 2 22"></path><path d="M17.5 15H9"></path></svg><div class="font-heading text-lg leading-relaxed text-stone-700 italic dark:text-stone-300"><p class="mb-4 font-mono text-sm font-bold tracking-widest text-stone-900 uppercase not-italic dark:text-stone-100">From the Curator</p><p class="mb-4">"This is a test letter body."</p><div class="mt-6 flex justify-end"><div class="text-right"><p class="font-bold text-stone-900 not-italic dark:text-stone-100">Curator</p><p class="font-mono text-xs text-stone-400 not-italic">2024</p></div></div></div></div><div class="animate-in slide-in-from-bottom-12 mb-16 delay-200 duration-1000"><h3 class="font-heading mb-6 flex items-center gap-3 text-2xl font-bold">Reading Experience<span class="rounded bg-stone-100 px-2 py-1 font-mono text-xs font-normal text-stone-500 dark:bg-stone-800">Compatibility Check</span></h3><div class="space-y-6"><div class="flex flex-col gap-2"><div class="flex items-center justify-between font-mono text-xs tracking-wider text-stone-500 uppercase dark:text-stone-400"><span>Short Reads</span><span>Long Reads</span></div><div class="relative h-2 w-full rounded-full bg-stone-200 dark:bg-stone-800"><div class="absolute top-1/2 left-1/2 h-1 w-1 -translate-x-1/2 -translate-y-1/2 rounded-full bg-stone-300 dark:bg-stone-700"></div><div class="absolute top-1/2 h-4 w-4 -translate-x-1/2 -translate-y-1/2 rounded-full border-2 border-white bg-stone-900 shadow-sm transition-all duration-1000 ease-out dark:border-stone-800 dark:bg-stone-100" style="left: 50%;"></div></div></div><div class="flex flex-col gap-2"><div class="flex items-center justify-between font-mono text-xs tracking-wider text-stone-500 uppercase dark:text-stone-400"><span>Easy Pause</span><span>Uninterruptible</span></div><div class="relative h-2 w-full rounded-full bg-stone-200 dark:bg-stone-800"><div class="absolute top-1/2 left-1/2 h-1 w-1 -translate-x-1/2 -translate-y-1/2 rounded-full bg-stone-300 dark:bg-stone-700"></div><div class="absolute top-1/2 h-4 w-4 -translate-x-1/2 -translate-y-1/2 rounded-full border-2 border-white bg-stone-900 shadow-sm transition-all duration-1000 ease-out dark:border-stone-800 dark:bg-stone-100" style="left: 50%;"></div></div></div><div class="flex flex-col gap-2"><div class="flex items-center justify-between font-mono text-xs tracking-wider text-stone-500 uppercase dark:text-stone-400"><span>Commute Ready</span><span>Quiet Corner</span></div><div class="relative h-2 w-full rounded-full bg-stone-200 dark:bg-stone-800"><div class="absolute top-1/2 left-1/2 h-1 w-1 -translate-x-1/2 -translate-y-1/2 rounded-full bg-stone-300 dark:bg-stone-700"></div><div class="absolute top-1/2 h-4 w-4 -translate-x-1/2 -translate-y-1/2 rounded-full border-2 border-white bg-stone-900 shadow-sm transition-all duration-1000 ease-out dark:border-stone-800 dark:bg-stone-100" style="left: 50%;"></div></div></div><div class="flex flex-col gap-2"><div class="flex items-center justify-between font-mono text-xs tracking-wider text-stone-500 uppercase dark:text-stone-400"><span>Quick Skim</span><span>Deep Dive</span></div><div class="relative h-2 w-full rounded-full bg-stone-200 dark:bg-stone-800"><div class="absolute top-1/2 left-1/2 h-1 w-1 -translate-x-1/2 -translate-y-1/2 rounded-full bg-stone-300 dark:bg-stone-700"></div><div class="absolute top-1/2 h-4 w-4 -translate-x-1/2 -translate-y-1/2 rounded-full border-2 border-white bg-stone-900 shadow-sm transition-all duration-1000 ease-out dark:border-stone-800 dark:bg-stone-100" style="left: 50%;"></div></div></div></div></div><div class="animate-in slide-in-from-bottom-12 mb-24 delay-300 duration-1000"><h3 class="font-heading mb-6 text-2xl font-bold">The Artifact</h3><div class="grid grid-cols-2 gap-x-4 gap-y-6"><div class="border-l-2 border-stone-200 pl-4 dark:border-stone-800"><p class="mb-1 font-mono text-xs text-stone-400 uppercase">Binding</p><p class="font-body font-medium text-stone-700 dark:text-stone-300">Paperback</p></div><div class="border-l-2 border-stone-200 pl-4 dark:border-stone-800"><p class="mb-1 font-mono text-xs text-stone-400 uppercase">Paper</p><p class="font-body font-medium text-stone-700 dark:text-stone-300">Standard</p></div><div class="border-l-2 border-stone-200 pl-4 dark:border-stone-800"><p class="mb-1 font-mono text-xs text-stone-400 uppercase">Dimensions</p><p class="font-body font-medium text-stone-700 dark:text-stone-300">5x8</p></div><div class="border-l-2 border-stone-200 pl-4 dark:border-stone-800"><p class="mb-1 font-mono text-xs text-stone-400 uppercase">Weight</p><p class="font-body font-medium text-stone-700 dark:text-stone-300">1lb</p></div><div class="border-l-2 border-stone-200 pl-4 dark:border-stone-800"><p class="mb-1 font-mono text-xs text-stone-400 uppercase">Pages</p><p class="font-body font-medium text-stone-700 dark:text-stone-300">200</p></div><div class="border-l-2 border-stone-200 pl-4 dark:border-stone-800"><p class="mb-1 font-mono text-xs text-stone-400 uppercase">Rarity</p><p class="font-body font-medium text-stone-700 dark:text-stone-300">Standard</p></div></div></div><div class="animate-in fade-in sticky bottom-6 z-40 delay-500 duration-1000"><div class="flex items-center justify-between rounded-2xl border border-stone-200/50 bg-white/90 p-4 shadow-xl backdrop-blur-md dark:border-stone-800/50 dark:bg-stone-900/90"><div class="flex flex-col"><span class="font-heading text-2xl font-bold text-stone-900 dark:text-stone-100">$50.00</span><span class="font-mono text-xs text-stone-500 uppercase">Includes Shipping</span></div><button class="font-heading flex items-center gap-2 rounded-full bg-orange-600 px-8 py-3 text-lg font-medium text-white shadow-lg shadow-orange-900/20 transition-all hover:scale-105 hover:bg-orange-700"><svg xmlns="http://www.w3.org/2000/svg" width="24" height="24" viewBox="0 0 24 24" fill="none" stroke="currentColor" stroke-width="2" stroke-linecap="round" stroke-linejoin="round" class="lucide lucide-shopping-bag h-5 w-5" aria-hidden="true"><path d="M16 10a4 4 0 0 1-8 0"></path><path d="M3.103 6.034h17.794"></path><path d="M3.4 5.467a2 2 0 0 0-.4 1.2V20a2 2 0 0 0 2 2h14a2 2 0 0 0 2-2V6.667a2 2 0 0 0-.4-1.2l-2-2.667A2 2 0 0 0 17 2H7a2 2 0 0 0-1.6.8z"></path></svg>Invite Home</button></div></div></div></div></div>

 [31mΓ¥»[39m components/book-companion/BookCompanion.test.tsx [2m([22m[2m3 tests[22m[2m | [22m[31m1 failed[39m[2m)[22m[33m 424[2mms[22m[39m
[31m     [31m├ù[31m renders book details correctly[39m[32m 129[2mms[22m[39m
     [32mΓ£ô[39m calls onAddToCounter when clicked[32m 247[2mms[22m[39m
     [32mΓ£ô[39m calls onBack when clicked[32m 44[2mms[22m[39m

ΓÄ»ΓÄ»ΓÄ»ΓÄ»ΓÄ»ΓÄ»ΓÄ» Failed Tests 1 ΓÄ»ΓÄ»ΓÄ»ΓÄ»ΓÄ»ΓÄ»ΓÄ»

 FAIL  components/book-companion/BookCompanion.test.tsx > BookCompanion > renders book details correctly
TestingLibraryElementError: Found multiple elements with the text: Test Book

Here are the matching elements:

Ignored nodes: comments, script, style
<h1
  class="font-heading mb-2 text-4xl leading-tight font-bold"
>
  Test Book
</h1>

Ignored nodes: comments, script, style
<h1
  class="font-heading mb-4 text-6xl leading-tight font-bold text-stone-900 dark:text-stone-50"
>
  Test Book
</h1>

(If this is intentional, then use the `*AllBy*` variant of the query (like `queryAllByText`, `getAllByText`, or `findAllByText`)).

Ignored nodes: comments, script, style
<body>
  <div>
    <div
      class="font-body min-h-screen bg-stone-50 text-stone-900 selection:bg-orange-100 dark:bg-stone-950 dark:text-stone-100 dark:selection:bg-orange-900"
    >
      <nav
        class="pointer-events-none fixed top-0 right-0 left-0 z-50 flex items-center justify-between p-6"
      >
        <button
          class="group pointer-events-auto flex items-center gap-2 rounded-full border border-stone-200/50 bg-white/80 px-4 py-2 text-stone-600 shadow-sm backdrop-blur-md transition-all hover:pl-3 hover:text-stone-900 dark:border-stone-800/50 dark:bg-stone-900/80 dark:text-stone-300 dark:hover:text-stone-100"
        >
          <svg
            aria-hidden="true"
            class="lucide lucide-arrow-left h-4 w-4 transition-transform group-hover:-translate-x-1"
            fill="none"
            height="24"
            stroke="currentColor"
            stroke-linecap="round"
            stroke-linejoin="round"
            stroke-width="2"
            viewBox="0 0 24 24"
            width="24"
            xmlns="http://www.w3.org/2000/svg"
          >
            <path
              d="m12 19-7-7 7-7"
            />
            <path
              d="M19 12H5"
            />
          </svg>
          <span
            class="font-heading text-sm font-medium"
          >
            Back to Library
          </span>
        </button>
        <button
          class="pointer-events-auto rounded-full border border-stone-200/50 bg-white/80 p-3 text-stone-400 shadow-sm backdrop-blur-md transition-colors hover:text-red-500 dark:border-stone-800/50 dark:bg-stone-900/80"
        >
          <svg
            aria-hidden="true"
            class="lucide lucide-heart h-5 w-5"
            fill="none"
            height="24"
            stroke="currentColor"
            stroke-linecap="round"
            stroke-linejoin="round"
            stroke-width="2"
            viewBox="0 0 24 24"
            width="24"
            xmlns="http://www.w3.org/2000/svg"
          >
            <path
              d="M2 9.5a5.5 5.5 0 0 1 9.591-3.676.56.56 0 0 0 .818 0A5.49 5.49 0 0 1 22 9.5c0 2.29-1.5 4-3 5.5l-5.492 5.313a2 2 0 0 1-3 .019L5 15c-1.5-1.5-3-3.2-3-5.5"
            />
          </svg>
        </button>
      </nav>
      <div
        class="grid min-h-screen grid-cols-1 lg:grid-cols-2"
      >
        <div
          class="relative h-[50vh] overflow-hidden bg-stone-200 lg:sticky lg:top-0 lg:h-screen dark:bg-stone-900"
        >
          <img
            alt="Binding Texture"
            class="absolute inset-0 h-full w-full object-cover opacity-90 transition-transform duration-[20s] ease-linear hover:scale-110"
            src="http://example.com/texture.jpg"
          />
          <div
            class="absolute inset-0 bg-linear-to-t from-stone-900/60 to-transparent lg:hidden"
          />
          <div
            class="absolute right-6 bottom-8 left-6 text-white lg:hidden"
          >
            <h1
              class="font-heading mb-2 text-4xl leading-tight font-bold"
            >
              Test Book
            </h1>
            <p
              class="font-mono text-sm opacity-80"
            >
              Test Author
            </p>
          </div>
        </div>
        <div
          class="relative mx-auto max-w-2xl px-6 py-12 lg:p-20 lg:pt-32"
        >
          <div
            class="animate-in slide-in-from-bottom-8 mb-12 hidden duration-700 lg:block"
          >
            <p
              class="mb-4 font-mono text-sm tracking-wider text-orange-600 uppercase dark:text-orange-500"
            >
              Test Publisher
               ΓÇó 
              2024
            </p>
            <h1
              class="font-heading mb-4 text-6xl leading-tight font-bold text-stone-900 dark:text-stone-50"
            >
              Test Book
            </h1>
            <p
              class="font-body text-xl text-stone-500 dark:text-stone-400"
            >
              by
               
              <span
                class="text-stone-800 dark:text-stone-200"
              >
                Test Author
              </span>
            </p>
            <p
              class="font-heading mt-2 text-stone-400 italic dark:text-stone-500"
            >
              A Subtitle
            </p>
          </div>
          <div
            class="animate-in slide-in-from-bottom-10 relative mb-16 rounded-sm border border-stone-200 bg-stone-100 p-8 shadow-[2px_2px_0px_0px_rgba(0,0,0,0.05)] delay-100 duration-1000 dark:border-stone-800 dark:bg-stone-900 dark:shadow-none"
          >
            <svg
              aria-hidden="true"
              class="lucide lucide-feather absolute -top-3 -left-3 h-8 w-8 rotate-12 rounded-full border border-stone-200 bg-stone-50 p-1 text-stone-300 dark:border-stone-800 dark:bg-stone-950 dark:text-stone-700"
              fill="none"
              height="24"
              stroke="currentColor"
              stroke-linecap="round"
              stroke-linejoin="round"
              stroke-width="2"
              viewBox="0 0 24 24"
      ...
 Γ¥» Object.getElementError node_modules/@testing-library/dom/dist/config.js:37:19
 Γ¥» getElementError node_modules/@testing-library/dom/dist/query-helpers.js:20:35
 Γ¥» getMultipleElementsFoundError node_modules/@testing-library/dom/dist/query-helpers.js:23:10
 Γ¥» node_modules/@testing-library/dom/dist/query-helpers.js:55:13
 Γ¥» node_modules/@testing-library/dom/dist/query-helpers.js:95:19
 Γ¥» components/book-companion/BookCompanion.test.tsx:46:19
     44|     console.log(container.innerHTML); // Debug output
     45| 
     46|     expect(screen.getByText("Test Book")).toBeDefined();
       |                   ^
     47|     expect(screen.getByText("Test Author")).toBeDefined();
     48|     expect(screen.getByText("Test Publisher ΓÇó 2024")).toBeDefined();

ΓÄ»ΓÄ»ΓÄ»ΓÄ»ΓÄ»ΓÄ»ΓÄ»ΓÄ»ΓÄ»ΓÄ»ΓÄ»ΓÄ»ΓÄ»ΓÄ»ΓÄ»ΓÄ»ΓÄ»ΓÄ»ΓÄ»ΓÄ»ΓÄ»ΓÄ»ΓÄ»ΓÄ»[1/1]ΓÄ»


[2m Test Files [22m [1m[31m1 failed[39m[22m[90m (1)[39m
[2m      Tests [22m [1m[31m1 failed[39m[22m[2m | [22m[1m[32m2 passed[39m[22m[90m (3)[39m
[2m   Start at [22m 13:17:32
[2m   Duration [22m 7.26s[2m (transform 416ms, setup 0ms, import 1.84s, tests 424ms, environment 4.23s)[22m

